Windsor --> 4 records found
Ascot Vale --> 1 records found
Parkville --> 2 records found
Kensington --> 5 records found
Melbourne --> 1 records found
Richmond --> 6 records found
Ascot --> 5 records found
Red Hill --> 8 records found
Brunswick --> NOT FOUND
Kensington Gardens --> 1 records found
Kensington Park --> 1 records found
Parkvile --> NOT FOUND
