Carlton -->
COMP20003 Code9773, Official Code Suburb20495, Official Name SuburbCarlton, Year2021, Official Code State2, Official Name StateVictoria, Official Code Local Government Area24600, Official Name Local Government AreaMelbourne, Latitude-37.8004392, Longitude144.9680900
South Melbourne -->
