Parkville --> 1 records found
Far Far Away --> NOT FOUND
Kensington --> 1 records found
South --> NOT FOUND
North Melbourne --> 1 records found
South Yarra --> 1 records found
Port Melbourne --> 1 records found
Buckingham --> NOT FOUND
Melbourne --> 1 records found
Carlton --> 1 records found
